
> wild-rydes@0.1.0 build
> react-scripts build

